eeschema (2013-03-19 BZR 4004)-stable  >> Creation date: Чтв 28 Мар 2013 16:58:00
#Cmp ( order = Reference )
| C1         100nF       
| C2         100nF       
| C3         100nF       
| C4         100nF       
| C5         100nF       
| C6         100nF       
| C7         100nF       
| C8         100nF       
| C9         100nF       
| C10        100nF       
| C11        10uF/6.3V   
| C12        10uF/6.3V   
| C13        10uF/6.3V   
| C14        C           
| C15        C           
| C16        C           
| C17        1uF         
| C18        1uF         
| C19        1nF         
| C20        10uF/6.3V   
| C21        10uF/6.3V   
| C22        10uF/6.3V   
| C23        10uF/6.3V   
| C24        10uF/6.3V   
| C25        47pF        
| C26        10uF/6.3V   
| C27        10uF/6.3V   
| C28        10uF/6.3V   
| C29        22uF/6.3V   
| C30        1nF         
| C31        1nF         
| C32        1uF         
| C33        10uF/6.3V   
| C34        10uF/6.3V   
| C35        10uF/6.3V   
| C36        10uF/6.3V   
| C37        10uF/6.3V   
| C38        10uF/6.3V   
| C39        22pF        
| C40        22uF/6.3V   
| C41        22uF/6.3V   
| C42        22uF/6.3V   
| C43        100nF       
| C44        22uF/6.3V   
| C45        100nF       
| C46        10uF/6.3V   
| C47        100nF       
| C48        10uF/6.3V   
| C49        10uF/6.3V   
| C50        100nF       
| C51        1uF         
| C52        100nF       
| C53        10uF/6.3V   
| C54        100nF       
| C55        100nF       
| C56        100nF       
| C57        100nF       
| C58        22uF/6.3V   
| C59        10uF/6.3V   
| C60        100nF       
| C61        100nF       
| C62        10uF/6.3V   
| C63        22uF/6.3V   
| C64        100nF       
| C65        100nF       
| C66        22uF/6.3V   
| C67        100nF       
| C68        10uF/6.3V   
| C69        100nF       
| C70        1uF         
| C71        100nF       
| C72        1nF         
| C73        1nF         
| C74        1nF         
| C75        1nF         
| C76        1nF         
| C77        3.3nF       
| C78        10uF/6.3V   
| C79        33pF        
| C80        33pF        
| C81        100nF       
| C82        10uF/6.3V   
| D1         LED/0603    
| D2         1N5819(S4SOD-123)
| L1         2.2uH/1.5A/DCR<0.1R/CD32
| L2         2.2uH/1.5A/DCR<0.1R/CD32
| L3         2.2uH/1.5A/DCR<0.1R/CD32
| L4         2.2uH/1.5A/DCR<0.1R/CD32
| L5         2.2uH/1.5A/DCR<0.1R/CD32
| P1         CONN_20     
| P2         CONN_20     
| P3         CONN_20     
| P4         CONN_20     
| P5         CONN_20     
| P6         CONN_10     
| R1         200k/1%     
| R2         240R/1%     
| R3         47k         
| R4         47k         
| R5         2.2k        
| R6         2.2k        
| R17        R           
| R18        R           
| R19        R           
| R20        R           
| R21        R           
| R22        R           
| R42        R           
| R43        R           
| R49        240R/1%     
| R50        240R/1%     
| R51        2k/1%       
| R52        2k/1%       
| R53        240R/1%     
| R54        1R          
| R55        1R          
| R56        R           
| R57        200k/1%     
| R58        2.2k        
| R59        2.2k        
| R60        2.2k        
| R61        2.2k        
| R62        R           
| R63        22k/1%      
| R64        100k/1%     
| R65        0.03R/1%    
| R66        3.3k/1%     
| R67        4.99k/1%    
| RA1        RA4X0402    
| RA2        RA4X0402    
| RA3        RA4X0402    
| RA4        RA4X0402    
| RA5        RA4X0402    
| RA6        RA4X0402    
| RA7        RA4X0402    
| RA8        RA4X0402    
| RA9        RA4X0402    
| RA10       RA4X0402    
| RA11       RA4X0402    
| RA13       RA4X0402    
| RA14       RA4X0402    
| RA15       RA4X0402    
| RA17       RA4X0402    
| RA18       RA4X0402    
| RA19       RA4X0402    
| RA20       RA4X0402    
| U1         H27UBG8T2A/TSOP48
| U2         A13         
| U3         H5TQ2G43CFR 
| U4         H5TQ2G43CFR 
| U5         OLIMEX_IC_AXP209
| U6         SY8008BAAC  
| U7         SY8008BAAC  
| X1         CRYSTAL     
#End Cmp

#Cmp ( порядок = Значение )
| 22pF         C39       
| 33pF         C79       
| 33pF         C80       
| 47pF         C25       
| 1nF          C19       
| 1nF          C30       
| 1nF          C31       
| 1nF          C72       
| 1nF          C73       
| 1nF          C74       
| 1nF          C75       
| 1nF          C76       
| 3.3nF        C77       
| 100nF        C1        
| 100nF        C2        
| 100nF        C3        
| 100nF        C4        
| 100nF        C5        
| 100nF        C6        
| 100nF        C7        
| 100nF        C8        
| 100nF        C9        
| 100nF        C10       
| 100nF        C43       
| 100nF        C45       
| 100nF        C47       
| 100nF        C50       
| 100nF        C52       
| 100nF        C54       
| 100nF        C55       
| 100nF        C56       
| 100nF        C57       
| 100nF        C60       
| 100nF        C61       
| 100nF        C64       
| 100nF        C65       
| 100nF        C67       
| 100nF        C69       
| 100nF        C71       
| 100nF        C81       
| 1uF          C17       
| 1uF          C18       
| 1uF          C32       
| 1uF          C51       
| 1uF          C70       
| 10uF/6.3V    C11       
| 10uF/6.3V    C12       
| 10uF/6.3V    C13       
| 10uF/6.3V    C20       
| 10uF/6.3V    C21       
| 10uF/6.3V    C22       
| 10uF/6.3V    C23       
| 10uF/6.3V    C24       
| 10uF/6.3V    C26       
| 10uF/6.3V    C27       
| 10uF/6.3V    C28       
| 10uF/6.3V    C33       
| 10uF/6.3V    C34       
| 10uF/6.3V    C35       
| 10uF/6.3V    C36       
| 10uF/6.3V    C37       
| 10uF/6.3V    C38       
| 10uF/6.3V    C46       
| 10uF/6.3V    C48       
| 10uF/6.3V    C49       
| 10uF/6.3V    C53       
| 10uF/6.3V    C59       
| 10uF/6.3V    C62       
| 10uF/6.3V    C68       
| 10uF/6.3V    C78       
| 10uF/6.3V    C82       
| 22uF/6.3V    C29       
| 22uF/6.3V    C40       
| 22uF/6.3V    C41       
| 22uF/6.3V    C42       
| 22uF/6.3V    C44       
| 22uF/6.3V    C58       
| 22uF/6.3V    C63       
| 22uF/6.3V    C66       
| C            C14       
| C            C15       
| C            C16       
| LED/0603     D1        
| 1N5819(S4SOD-123) D2        
| 2.2uH/1.5A/DCR<0.1R/CD32 L1        
| 2.2uH/1.5A/DCR<0.1R/CD32 L2        
| 2.2uH/1.5A/DCR<0.1R/CD32 L3        
| 2.2uH/1.5A/DCR<0.1R/CD32 L4        
| 2.2uH/1.5A/DCR<0.1R/CD32 L5        
| CONN_20      P1        
| CONN_20      P2        
| CONN_20      P3        
| CONN_20      P4        
| CONN_20      P5        
| CONN_10      P6        
| 0.03R/1%     R65       
| 1R           R54       
| 1R           R55       
| 240R/1%      R2        
| 240R/1%      R49       
| 240R/1%      R50       
| 240R/1%      R53       
| 2k/1%        R51       
| 2k/1%        R52       
| 2.2k         R5        
| 2.2k         R6        
| 2.2k         R58       
| 2.2k         R59       
| 2.2k         R60       
| 2.2k         R61       
| 3.3k/1%      R66       
| 4.99k/1%     R67       
| 22k/1%       R63       
| 47k          R3        
| 47k          R4        
| 100k/1%      R64       
| 200k/1%      R1        
| 200k/1%      R57       
| R            R17       
| R            R18       
| R            R19       
| R            R20       
| R            R21       
| R            R22       
| R            R42       
| R            R43       
| R            R56       
| R            R62       
| RA4X0402     RA1       
| RA4X0402     RA2       
| RA4X0402     RA3       
| RA4X0402     RA4       
| RA4X0402     RA5       
| RA4X0402     RA6       
| RA4X0402     RA7       
| RA4X0402     RA8       
| RA4X0402     RA9       
| RA4X0402     RA10      
| RA4X0402     RA11      
| RA4X0402     RA13      
| RA4X0402     RA14      
| RA4X0402     RA15      
| RA4X0402     RA17      
| RA4X0402     RA18      
| RA4X0402     RA19      
| RA4X0402     RA20      
| A13          U2        
| H5TQ2G43CFR  U3        
| OLIMEX_IC_AXP209 U5        
| H27UBG8T2A/TSOP48 U1        
| H5TQ2G43CFR  U4        
| SY8008BAAC   U6        
| SY8008BAAC   U7        
| CRYSTAL      X1        
#End Cmp

#End List
